// Jest Snapshot v1, https://goo.gl/fbAQLP

exports[`Index file renders the app file without crashing 1`] = `"{\\"_reactInternalInstance\\":\\"censored\\"}"`;
